\set ECHO none
1..7
ok 1 - cat_tools.pg_extension view row count
ok 2 - Sanity-check that we get a row for our extension
ok 3 - pg_extension__get() returns correct data
ok 4 - pg_extension__get() for non-existent extension throws an error
ok 5 - Verify extension__schemas_unique(text) returns correct data
ok 6 - Verify extension__schemas(text) returns correct data
ok 7 - extension__schemas_unique with bogus extension fails
# TRANSACTION INTENTIONALLY LEFT OPEN!
