\set ECHO none
1..8
ok 1 - Verify public has no perms
ok 2 - Verify public has no perms
ok 3 - Verify function__arg_types() with INOUT and OUT
ok 4 - Verify function__arg_types() with just INOUT
ok 5 - Verify function__arg_types() with just OUT
ok 6 - Verify function__arg_types() with only inputs
ok 7 - Create pg_temp.test_function(anyarray, OUT text, OUT "char", pg_class, int, VARIADIC boolean[])
ok 8 - Verify regprocedure()
# TRANSACTION INTENTIONALLY LEFT OPEN!
