\set ECHO none
1..2
ok 1 - Verify base data on 
ok 2 - Verify public has no perms
# TRANSACTION INTENTIONALLY LEFT OPEN!
