\set ECHO none
1..31
ok 1 - Verify count from kinds
ok 2 - Simple sanity check of relation__kind()
ok 3 - Simple sanity check of relation__relkind()
ok 4 - Permission denied trying to use types
ok 5 - Permission denied trying to use types
ok 6 - Permission denied trying to run functions
ok 7 - Permission denied trying to run functions
ok 8 - SELECT cat_tools.relation_relkind('table')
ok 9 - SELECT cat_tools.relation_relkind('index')
ok 10 - SELECT cat_tools.relation_relkind('sequence')
ok 11 - SELECT cat_tools.relation_relkind('toast table')
ok 12 - SELECT cat_tools.relation_relkind('view')
ok 13 - SELECT cat_tools.relation_relkind('materialized view')
ok 14 - SELECT cat_tools.relation_relkind('composite type')
ok 15 - SELECT cat_tools.relation_relkind('foreign table')
ok 16 - SELECT cat_tools.relation_type('r')
ok 17 - SELECT cat_tools.relation_type('i')
ok 18 - SELECT cat_tools.relation_type('S')
ok 19 - SELECT cat_tools.relation_type('t')
ok 20 - SELECT cat_tools.relation_type('v')
ok 21 - SELECT cat_tools.relation_type('c')
ok 22 - SELECT cat_tools.relation_type('f')
ok 23 - SELECT cat_tools.relation_type('m')
ok 24 - SELECT cat_tools.relation_type('r'::"char")
ok 25 - SELECT cat_tools.relation_type('i'::"char")
ok 26 - SELECT cat_tools.relation_type('S'::"char")
ok 27 - SELECT cat_tools.relation_type('t'::"char")
ok 28 - SELECT cat_tools.relation_type('v'::"char")
ok 29 - SELECT cat_tools.relation_type('c'::"char")
ok 30 - SELECT cat_tools.relation_type('f'::"char")
ok 31 - SELECT cat_tools.relation_type('m'::"char")
# TRANSACTION INTENTIONALLY LEFT OPEN!
