\set ECHO none
 create_function 
-----------------
 
(1 row)

 create_function 
-----------------
 
(1 row)

 create_function 
-----------------
 
(1 row)

 create_function 
-----------------
 
(1 row)

 create_function 
-----------------
 
(1 row)

 create_function 
-----------------
 
(1 row)

 create_function 
-----------------
 
(1 row)

 create_function 
-----------------
 
(1 row)

 create_function 
-----------------
 
(1 row)

 create_function 
-----------------
 
(1 row)

 create_function 
-----------------
 
(1 row)

 create_function 
-----------------
 
(1 row)

 create_function 
-----------------
 
(1 row)

 create_function 
-----------------
 
(1 row)

 create_function 
-----------------
 
(1 row)

 create_function 
-----------------
 
(1 row)

 create_function 
-----------------
 
(1 row)

 create_function 
-----------------
 
(1 row)

 create_function 
-----------------
 
(1 row)

 create_function 
-----------------
 
(1 row)

 create_function 
-----------------
 
(1 row)

 create_function 
-----------------
 
(1 row)

 create_function 
-----------------
 
(1 row)

 create_function 
-----------------
 
(1 row)

 create_function 
-----------------
 
(1 row)

 create_function 
-----------------
 
(1 row)

 create_function 
-----------------
 
(1 row)

 create_function 
-----------------
 
(1 row)

 create_function 
-----------------
 
(1 row)

 create_function 
-----------------
 
(1 row)

 create_function 
-----------------
 
(1 row)

 create_function 
-----------------
 
(1 row)

 create_function 
-----------------
 
(1 row)

 create_function 
-----------------
 
(1 row)

 create_function 
-----------------
 
(1 row)

 create_function 
-----------------
 
(1 row)

# TRANSACTION INTENTIONALLY LEFT OPEN!
